根据以下要求，创建新的逻辑卷：
1）逻辑卷的名字为 mylv, 属于 myvg 卷组， 大小为 50 个 pe
2）卷组myvg 中的逻辑卷的pe 大小应该为 16MiB
3) 使用vfat 文件系统将逻辑卷mylv 格式化
4）此逻辑卷应当在系统启动时自动挂载到 /mnt/mydata目录下

1, 首先创建逻辑卷：
  [root@serverb ~]# fdisk /dev/sdc
Welcome to fdisk (util-linux 2.23.2).

Changes will remain in memory only, until you decide to write them.
Be careful before using the write command.

Device does not contain a recognized partition table
Building a new DOS disklabel with disk identifier 0x0d7a1327.

Command (m for help): n
Partition type:
   p   primary (0 primary, 0 extended, 4 free)
   e   extended
Select (default p): e
Partition number (1-4, default 1): 
First sector (2048-4194303, default 2048): 
Using default value 2048
Last sector, +sectors or +size{K,M,G} (2048-4194303, default 4194303): +2G
Value out of range.
Last sector, +sectors or +size{K,M,G} (2048-4194303, default 4194303): +1.9G
Unsupported suffix: '.9G'.
Supported: 10^N: KB (KiloByte), MB (MegaByte), GB (GigaByte)
            2^N: K  (KibiByte), M  (MebiByte), G  (GibiByte)
Last sector, +sectors or +size{K,M,G} (2048-4194303, default 4194303): +1900M
Partition 1 of type Extended and of size 1.9 GiB is set

Command (m for help): n
Partition type:
   p   primary (0 primary, 1 extended, 3 free)
   l   logical (numbered from 5)
Select (default p): l
Adding logical partition 5
First sector (4096-3893247, default 4096): 
Using default value 4096
Last sector, +sectors or +size{K,M,G} (4096-3893247, default 3893247): 
Using default value 3893247
Partition 5 of type Linux and of size 1.9 GiB is set

2, 创建 PV
  [root@serverb ~]# pvcreate /dev/sdc5
  Physical volume "/dev/sdc5" successfully created.

4, 创建 VG 并指定VG名字和 PE 大小：
  [root@serverb ~]# vgcreate myvg /dev/sdc5 -s 16M
  Volume group "myvg" successfully created

5，查看VG 的大小：
[root@serverb ~]# vgs
  VG     #PV #LV #SN Attr   VSize  VFree
  centos   1   3   0 wz--n- <5.30g 4.00m
  myvg     1   0   0 wz--n-  1.84g 1.84g

6, 创建LV 并指定名字 和 PE 的个数
  [root@serverb ~]# lvcreate -n mylv myvg -l 50 ------------- 注意此处的小写l 代表 PE的个数， 大写的L 代表容量 如 800M
  Logical volume "mylv" created.

7, 查看 LV 的容量：
  [root@serverb ~]# lvs
  LV   VG     Attr       LSize   Pool Origin Data%  Meta%  Move Log Cpy%Sync Convert
  home centos -wi-ao---- 100.00m                                                    
  root centos -wi-ao----   5.00g                                                    
  swap centos -wi-ao---- 200.00m                                                    
  mylv myvg   -wi-a----- 800.00m    

8，由于题目要求文件格式为 vfat , 所以先要安装 vfat 所需要的模块：
  [root@serverb ~]# yum install -y dosfstools

9，这个题 可以把格式创建为ext4
  [root@serverb ~]# mkfs.ext4 /dev/myvg/mylv
mke2fs 1.42.9 (28-Dec-2013)
Filesystem label=
OS type: Linux
Block size=4096 (log=2)
Fragment size=4096 (log=2)
Stride=0 blocks, Stripe width=0 blocks
51296 inodes, 204800 blocks
10240 blocks (5.00%) reserved for the super user
First data block=0
Maximum filesystem blocks=209715200
7 block groups
32768 blocks per group, 32768 fragments per group
7328 inodes per group
Superblock backups stored on blocks: 
	32768, 98304, 163840

Allocating group tables: done                            
Writing inode tables: done                            
Creating journal (4096 blocks): done
Writing superblocks and filesystem accounting information: done

10, 创建挂载点：
  [root@serverb /]# mkdir /mnt/mydata

11， 挂载：
  [root@serverb /]# mount /dev/myvg/mylv /mnt/mydata/

12, 修改 /etc/fstab  使得其开机自动挂载：
  [root@serverb /]# vim /etc/fstab 

  即可完成

  
